LIBOSMOGSM_1.0 {
global:

abis_nm_adm_state_names;
abis_nm_att_settable;
abis_nm_avail_name;
abis_nm_chcomb4pchan;
abis_nm_debugp_foh;
abis_nm_event_type_name;
abis_nm_nack_cause_name;
abis_nm_nack_name;
abis_nm_att_tlvdef;
abis_nm_osmo_att_tlvdef;
abis_nm_msg_disc_names;
abis_nm_obj_class_names;
abis_nm_opstate_name;
abis_nm_nacks;
abis_nm_no_ack_nack;
abis_nm_pchan4chcomb;
abis_nm_reports;
abis_nm_severity_name;
abis_nm_sw_load_msgs;
abis_nm_test_name;
abis_nm_osmo_magic;
abis_nm_ipa_magic;

osmo_sitype_strs;

comp128;
dbm2rxlev;

osmo_earfcn_add;
osmo_earfcn_del;
osmo_earfcn_bit_size;
osmo_earfcn_init;

gprs_cipher_gen_input_i;
gprs_cipher_gen_input_ui;
gprs_cipher_load;
gprs_cipher_register;
gprs_cipher_run;
gprs_cipher_supported;
gprs_tlli_type;
gprs_tmsi2tlli;

gsm0341_build_msg;

gsm0480_create_notifySS;
gsm0480_create_unstructuredSS_Notify;
gsm0480_create_ussd_resp;
gsm0480_decode_ussd_request;
gsm0480_decode_ss_request;
gsm0480_wrap_facility;
gsm0480_wrap_invoke;

gsm0502_calc_paging_group;

gsm0808_att_tlvdef;
gsm0808_bssap_name;
gsm0808_bssmap_name;
gsm0808_create_assignment_completed;
gsm0808_create_assignment_failure;
gsm0808_create_cipher_complete;
gsm0808_create_cipher_reject;
gsm0808_create_classmark_update;
gsm0808_create_clear_command;
gsm0808_create_clear_complete;
gsm0808_create_clear_rqst;
gsm0808_create_dtap;
gsm0808_create_layer3;
gsm0808_create_reset;
gsm0808_create_sapi_reject;
gsm0808_prepend_dtap_header;

gsm338_get_sms_alphabet;

gsm340_gen_oa;
gsm340_gen_scts;
gsm340_scts;
gsm340_validity_period;

gsm411_bcdify;
gsm411_msgb_alloc;
gsm411_push_cp_header;
gsm411_push_rp_header;
gsm411_smc_clear;
gsm411_smc_init;
gsm411_smc_recv;
gsm411_smc_send;
gsm411_smr_clear;
gsm411_smr_init;
gsm411_smr_recv;
gsm411_smr_send;
gsm411_unbcdify;
gsm411_cp_cause_strs;
gsm411_rp_cause_strs;

gsm48_att_tlvdef;
gsm48_cc_msg_name;
gsm48_cc_state_name;
gsm48_construct_ra;
gsm48_decode_bcd_number;
gsm48_decode_bearer_cap;
gsm48_decode_called;
gsm48_decode_callerid;
gsm48_decode_calling;
gsm48_decode_cause;
gsm48_decode_cccap;
gsm48_decode_connected;
gsm48_decode_facility;
gsm48_decode_freq_list;
gsm48_decode_keypad;
gsm48_decode_lai;
gsm48_decode_notify;
gsm48_decode_progress;
gsm48_decode_redirecting;
gsm48_decode_signal;
gsm48_decode_ssversion;
gsm48_decode_useruser;
gsm48_encode_bcd_number;
gsm48_encode_bearer_cap;
gsm48_encode_called;
gsm48_encode_callerid;
gsm48_encode_calling;
gsm48_encode_cause;
gsm48_encode_cccap;
gsm48_encode_connected;
gsm48_encode_facility;
gsm48_encode_keypad;
gsm48_encode_more;
gsm48_encode_notify;
gsm48_encode_progress;
gsm48_encode_redirecting;
gsm48_encode_signal;
gsm48_encode_ssversion;
gsm48_encode_useruser;
gsm48_generate_lai;
gsm48_generate_mid_from_imsi;
gsm48_generate_mid_from_tmsi;
gsm48_mi_to_string;
gsm48_mm_att_tlvdef;
gsm48_number_of_paging_subchannels;
gsm48_parse_ra;
gsm48_rr_att_tlvdef;
gsm48_mi_type_name;
gsm48_mcc_mnc_to_bcd;
gsm48_mcc_mnc_from_bcd;
gsm48_chan_mode_names;
gsm_chan_t_names;

gsm_7bit_decode;
gsm_7bit_decode_ussd;
gsm_7bit_encode;
gsm_7bit_encode_ussd;
gsm_7bit_encode_oct;

gsm_7bit_decode_n;
gsm_7bit_decode_n_ussd;
gsm_7bit_decode_n_hdr;
gsm_7bit_encode_n;
gsm_7bit_encode_n_ussd;

gsm_arfcn2band;
gsm_arfcn2freq10;
gsm_freq102arfcn;
gsm_band_name;
gsm_band_parse;
gsm_fn2gsmtime;
gsm_get_octet_len;
gsm_gsmtime2fn;

gsm_milenage;
gsm_septet_encode;
gsm_septets2octets;

lapd_dl_exit;
lapd_dl_init;
lapd_dl_reset;
lapd_msgb_alloc;
lapd_ph_data_ind;
lapd_recv_dlsap;
lapd_set_mode;
lapd_state_names;

lapdm_channel_exit;
lapdm_channel_init;
lapdm_channel_reset;
lapdm_channel_set_flags;
lapdm_channel_set_l1;
lapdm_channel_set_l3;
lapdm_channel_set_mode;
lapdm_datalink_for_sapi;
lapdm_entity_exit;
lapdm_entity_init;
lapdm_entity_reset;
lapdm_entity_set_flags;
lapdm_entity_set_mode;
lapdm_phsap_dequeue_prim;
lapdm_phsap_up;
lapdm_rslms_recvmsg;

milenage_auts;
milenage_check;
milenage_f1;
milenage_f2345;
milenage_generate;
milenage_opc_gen;

ms_class_gmsk_dbm;
ms_pwr_ctl_lvl;
ms_pwr_dbm;

osmo_a5;
osmo_a5_1;
osmo_a5_2;

osmo_auth_alg_name;
osmo_auth_alg_parse;
osmo_auth_gen_vec;
osmo_auth_gen_vec_auts;
osmo_auth_load;
osmo_auth_register;
osmo_auth_supported;

osmo_rsl2sitype;
osmo_sitype2rsl;

rr_cause_name;

rsl_att_tlvdef;
rsl_ipac_eie_tlvdef;
rsl_ccch_conf_to_bs_cc_chans;
rsl_ccch_conf_to_bs_ccch_sdcch_comb;
rsl_chan_nr_str;
rsl_dec_chan_nr;
rsl_enc_chan_nr;
rsl_err_name;
rsl_init_cchan_hdr;
rsl_init_rll_hdr;
rsl_ipac_msg_name;
rsl_msg_name;
rsl_rll_push_hdr;
rsl_rll_push_l3;
rsl_rll_simple;
rsl_rlm_cause_name;

rxlev2dbm;
rxlev_stat_dump;
rxlev_stat_get_next;
rxlev_stat_input;
rxlev_stat_reset;

tlv_def_patch;
tlv_dump;
tlv_parse;
tlv_parse_one;
tvlv_att_def;
vtvlv_gan_att_def;

gan_msgt_vals;
gan_pdisc_vals;

ipa_ccm_rcvmsg_base;
ipa_ccm_rcvmsg_bts_base;
ipa_ccm_send_id_ack;
ipa_ccm_send_id_req;
ipa_ccm_send_pong;
ipa_ccm_tlv_to_unitdata;
ipa_ccm_idtag_name;
ipa_ccm_idtag_parse;
ipa_ccm_idtag_parse_off;
ipa_msg_alloc;
ipa_msg_recv;
ipa_msg_recv_buffered;
ipa_parse_unitid;
ipa_prepend_header;
ipa_prepend_header_ext;
ipa_send;

osmo_apn_qualify;
osmo_apn_qualify_from_imsi;
osmo_apn_to_str;
osmo_apn_from_str;

local: *;
};
